........................................................................ [ 37%]
........................................................................ [ 75%]
..............................................                           [100%]
============================== warnings summary ===============================
tests/test_evolution.py::test_promote_api_blocks_live
  D:\trading-engine\apps\engine\.venv\Lib\site-packages\fastapi\testclient.py:1: StarletteDeprecationWarning: Using `httpx` with `starlette.testclient` is deprecated; install `httpx2` instead.
    from starlette.testclient import TestClient as TestClient  # noqa

-- Docs: https://docs.pytest.org/en/stable/how-to/capture-warnings.html
190 passed, 1 warning in 3.30s
